// Jest Snapshot v1, https://goo.gl/fbAQLP

exports[`should render a basic html document 1`] = `
"<!DOCTYPE html>
    <html lang=\\"en\\">
        <head>
            <meta charset=\\"utf-8\\" />
            <meta
                name=\\"viewport\\"
                content=\\"width=device-width, initial-scale=1\\"
            />
            <meta name=\\"generator\\" content=\\"jsonresume-theme-stackoverflowed@0.0.0-development\\" />
            <title>
                Richard Hendriks - Programmer - Resume
            </title>
        </head>
        <body>
            <div id=\\"root\\">Richard Hendriks</div>
        </body>
    </html>"
`;
